2024-11-05T21:36:56.977+07:00  INFO 25084 --- [21087481_DuongHoangLanAnh_Tuan08] [restartedMain] iuh.fit.se.Application                   : Starting Application using Java 21.0.4 with PID 25084 (E:\LAP TRINH JAVA\LT_WWW_JAVA\LabsWWW_SpringBoot_Workspace\21087481_DuongHoangLanAnh_Tuan08\target\classes started by Lan Anh in E:\LAP TRINH JAVA\LT_WWW_JAVA\LabsWWW_SpringBoot_Workspace\21087481_DuongHoangLanAnh_Tuan08)
2024-11-05T21:36:56.992+07:00  INFO 25084 --- [21087481_DuongHoangLanAnh_Tuan08] [restartedMain] iuh.fit.se.Application                   : No active profile set, falling back to 1 default profile: "default"
2024-11-05T21:36:57.093+07:00  INFO 25084 --- [21087481_DuongHoangLanAnh_Tuan08] [restartedMain] .e.DevToolsPropertyDefaultsPostProcessor : Devtools property defaults active! Set 'spring.devtools.add-properties' to 'false' to disable
2024-11-05T21:36:57.094+07:00  INFO 25084 --- [21087481_DuongHoangLanAnh_Tuan08] [restartedMain] .e.DevToolsPropertyDefaultsPostProcessor : For additional web related logging consider setting the 'logging.level.web' property to 'DEBUG'
2024-11-05T21:36:58.990+07:00  INFO 25084 --- [21087481_DuongHoangLanAnh_Tuan08] [restartedMain] .s.d.r.c.RepositoryConfigurationDelegate : Bootstrapping Spring Data JPA repositories in DEFAULT mode.
2024-11-05T21:36:59.108+07:00  INFO 25084 --- [21087481_DuongHoangLanAnh_Tuan08] [restartedMain] .s.d.r.c.RepositoryConfigurationDelegate : Finished Spring Data repository scanning in 105 ms. Found 2 JPA repository interfaces.
2024-11-05T21:37:00.340+07:00  INFO 25084 --- [21087481_DuongHoangLanAnh_Tuan08] [restartedMain] o.s.b.w.embedded.tomcat.TomcatWebServer  : Tomcat initialized with port 9998 (http)
2024-11-05T21:37:00.367+07:00  INFO 25084 --- [21087481_DuongHoangLanAnh_Tuan08] [restartedMain] o.apache.catalina.core.StandardService   : Starting service [Tomcat]
2024-11-05T21:37:00.368+07:00  INFO 25084 --- [21087481_DuongHoangLanAnh_Tuan08] [restartedMain] o.apache.catalina.core.StandardEngine    : Starting Servlet engine: [Apache Tomcat/10.1.30]
2024-11-05T21:37:00.508+07:00  INFO 25084 --- [21087481_DuongHoangLanAnh_Tuan08] [restartedMain] o.a.c.c.C.[Tomcat].[localhost].[/]       : Initializing Spring embedded WebApplicationContext
2024-11-05T21:37:00.510+07:00  INFO 25084 --- [21087481_DuongHoangLanAnh_Tuan08] [restartedMain] w.s.c.ServletWebServerApplicationContext : Root WebApplicationContext: initialization completed in 3414 ms
2024-11-05T21:37:00.717+07:00  INFO 25084 --- [21087481_DuongHoangLanAnh_Tuan08] [restartedMain] com.zaxxer.hikari.HikariDataSource       : HikariPool-1 - Starting...
2024-11-05T21:37:00.922+07:00  INFO 25084 --- [21087481_DuongHoangLanAnh_Tuan08] [restartedMain] com.zaxxer.hikari.pool.HikariPool        : HikariPool-1 - Added connection org.mariadb.jdbc.Connection@38f0d9a1
2024-11-05T21:37:00.926+07:00  INFO 25084 --- [21087481_DuongHoangLanAnh_Tuan08] [restartedMain] com.zaxxer.hikari.HikariDataSource       : HikariPool-1 - Start completed.
2024-11-05T21:37:01.908+07:00  INFO 25084 --- [21087481_DuongHoangLanAnh_Tuan08] [restartedMain] o.s.o.j.p.SpringPersistenceUnitInfo      : No LoadTimeWeaver setup: ignoring JPA class transformer
2024-11-05T21:37:05.318+07:00  INFO 25084 --- [21087481_DuongHoangLanAnh_Tuan08] [restartedMain] j.LocalContainerEntityManagerFactoryBean : Initialized JPA EntityManagerFactory for persistence unit 'default'
2024-11-05T21:37:06.102+07:00  WARN 25084 --- [21087481_DuongHoangLanAnh_Tuan08] [restartedMain] JpaBaseConfiguration$JpaWebConfiguration : spring.jpa.open-in-view is enabled by default. Therefore, database queries may be performed during view rendering. Explicitly configure spring.jpa.open-in-view to disable this warning
2024-11-05T21:37:06.577+07:00 DEBUG 25084 --- [21087481_DuongHoangLanAnh_Tuan08] [restartedMain] s.w.s.m.m.a.RequestMappingHandlerMapping : 9 mappings in 'requestMappingHandlerMapping'
2024-11-05T21:37:06.786+07:00 DEBUG 25084 --- [21087481_DuongHoangLanAnh_Tuan08] [restartedMain] o.s.w.s.handler.SimpleUrlHandlerMapping  : Patterns [/webjars/**, /**, /swagger-ui*/*swagger-initializer.js, /swagger-ui*/**, /api/explorer/**] in 'resourceHandlerMapping'
2024-11-05T21:37:06.886+07:00 DEBUG 25084 --- [21087481_DuongHoangLanAnh_Tuan08] [restartedMain] s.w.s.m.m.a.RequestMappingHandlerAdapter : ControllerAdvice beans: 0 @ModelAttribute, 0 @InitBinder, 1 RequestBodyAdvice, 1 ResponseBodyAdvice
2024-11-05T21:37:06.983+07:00 DEBUG 25084 --- [21087481_DuongHoangLanAnh_Tuan08] [restartedMain] .m.m.a.ExceptionHandlerExceptionResolver : ControllerAdvice beans: 3 @ExceptionHandler, 1 ResponseBodyAdvice
2024-11-05T21:37:07.122+07:00 DEBUG 25084 --- [21087481_DuongHoangLanAnh_Tuan08] [restartedMain] .m.m.a.ExceptionHandlerExceptionResolver : ControllerAdvice beans: 3 @ExceptionHandler, 0 ResponseBodyAdvice
2024-11-05T21:37:07.192+07:00  WARN 25084 --- [21087481_DuongHoangLanAnh_Tuan08] [restartedMain] ion$DefaultTemplateResolverConfiguration : Cannot find template location: classpath:/templates/ (please add some templates, check your Thymeleaf configuration, or set spring.thymeleaf.check-template-location=false)
2024-11-05T21:37:07.753+07:00  INFO 25084 --- [21087481_DuongHoangLanAnh_Tuan08] [restartedMain] o.s.b.d.a.OptionalLiveReloadServer       : LiveReload server is running on port 35729
2024-11-05T21:37:07.830+07:00  INFO 25084 --- [21087481_DuongHoangLanAnh_Tuan08] [restartedMain] o.s.b.w.embedded.tomcat.TomcatWebServer  : Tomcat started on port 9998 (http) with context path '/'
2024-11-05T21:37:07.851+07:00  INFO 25084 --- [21087481_DuongHoangLanAnh_Tuan08] [restartedMain] iuh.fit.se.Application                   : Started Application in 11.836 seconds (process running for 13.475)
2024-11-05T21:37:40.231+07:00  INFO 25084 --- [21087481_DuongHoangLanAnh_Tuan08] [File Watcher] rtingClassPathChangeChangedEventListener : Restarting due to 1 class path change (0 additions, 0 deletions, 1 modification)
2024-11-05T21:37:40.250+07:00  INFO 25084 --- [21087481_DuongHoangLanAnh_Tuan08] [Thread-5] j.LocalContainerEntityManagerFactoryBean : Closing JPA EntityManagerFactory for persistence unit 'default'
2024-11-05T21:37:40.256+07:00  INFO 25084 --- [21087481_DuongHoangLanAnh_Tuan08] [Thread-5] com.zaxxer.hikari.HikariDataSource       : HikariPool-1 - Shutdown initiated...
2024-11-05T21:37:40.261+07:00  INFO 25084 --- [21087481_DuongHoangLanAnh_Tuan08] [Thread-5] com.zaxxer.hikari.HikariDataSource       : HikariPool-1 - Shutdown completed.
2024-11-05T21:37:40.445+07:00  INFO 25084 --- [21087481_DuongHoangLanAnh_Tuan08] [restartedMain] iuh.fit.se.Application                   : Starting Application using Java 21.0.4 with PID 25084 (E:\LAP TRINH JAVA\LT_WWW_JAVA\LabsWWW_SpringBoot_Workspace\21087481_DuongHoangLanAnh_Tuan08\target\classes started by Lan Anh in E:\LAP TRINH JAVA\LT_WWW_JAVA\LabsWWW_SpringBoot_Workspace\21087481_DuongHoangLanAnh_Tuan08)
2024-11-05T21:37:40.446+07:00  INFO 25084 --- [21087481_DuongHoangLanAnh_Tuan08] [restartedMain] iuh.fit.se.Application                   : No active profile set, falling back to 1 default profile: "default"
2024-11-05T21:37:40.871+07:00  INFO 25084 --- [21087481_DuongHoangLanAnh_Tuan08] [restartedMain] .s.d.r.c.RepositoryConfigurationDelegate : Bootstrapping Spring Data JPA repositories in DEFAULT mode.
2024-11-05T21:37:40.897+07:00  INFO 25084 --- [21087481_DuongHoangLanAnh_Tuan08] [restartedMain] .s.d.r.c.RepositoryConfigurationDelegate : Finished Spring Data repository scanning in 25 ms. Found 2 JPA repository interfaces.
2024-11-05T21:37:41.080+07:00  INFO 25084 --- [21087481_DuongHoangLanAnh_Tuan08] [restartedMain] o.s.b.w.embedded.tomcat.TomcatWebServer  : Tomcat initialized with port 9998 (http)
2024-11-05T21:37:41.082+07:00  INFO 25084 --- [21087481_DuongHoangLanAnh_Tuan08] [restartedMain] o.apache.catalina.core.StandardService   : Starting service [Tomcat]
2024-11-05T21:37:41.083+07:00  INFO 25084 --- [21087481_DuongHoangLanAnh_Tuan08] [restartedMain] o.apache.catalina.core.StandardEngine    : Starting Servlet engine: [Apache Tomcat/10.1.30]
2024-11-05T21:37:41.137+07:00  INFO 25084 --- [21087481_DuongHoangLanAnh_Tuan08] [restartedMain] o.a.c.c.C.[Tomcat].[localhost].[/]       : Initializing Spring embedded WebApplicationContext
2024-11-05T21:37:41.138+07:00  INFO 25084 --- [21087481_DuongHoangLanAnh_Tuan08] [restartedMain] w.s.c.ServletWebServerApplicationContext : Root WebApplicationContext: initialization completed in 687 ms
2024-11-05T21:37:41.184+07:00  INFO 25084 --- [21087481_DuongHoangLanAnh_Tuan08] [restartedMain] com.zaxxer.hikari.HikariDataSource       : HikariPool-2 - Starting...
2024-11-05T21:37:41.188+07:00  INFO 25084 --- [21087481_DuongHoangLanAnh_Tuan08] [restartedMain] com.zaxxer.hikari.pool.HikariPool        : HikariPool-2 - Added connection org.mariadb.jdbc.Connection@28d1fffd
2024-11-05T21:37:41.189+07:00  INFO 25084 --- [21087481_DuongHoangLanAnh_Tuan08] [restartedMain] com.zaxxer.hikari.HikariDataSource       : HikariPool-2 - Start completed.
2024-11-05T21:37:41.233+07:00  INFO 25084 --- [21087481_DuongHoangLanAnh_Tuan08] [restartedMain] o.s.o.j.p.SpringPersistenceUnitInfo      : No LoadTimeWeaver setup: ignoring JPA class transformer
2024-11-05T21:37:41.403+07:00  INFO 25084 --- [21087481_DuongHoangLanAnh_Tuan08] [restartedMain] j.LocalContainerEntityManagerFactoryBean : Initialized JPA EntityManagerFactory for persistence unit 'default'
2024-11-05T21:37:41.610+07:00  WARN 25084 --- [21087481_DuongHoangLanAnh_Tuan08] [restartedMain] JpaBaseConfiguration$JpaWebConfiguration : spring.jpa.open-in-view is enabled by default. Therefore, database queries may be performed during view rendering. Explicitly configure spring.jpa.open-in-view to disable this warning
2024-11-05T21:37:41.748+07:00 DEBUG 25084 --- [21087481_DuongHoangLanAnh_Tuan08] [restartedMain] s.w.s.m.m.a.RequestMappingHandlerMapping : 9 mappings in 'requestMappingHandlerMapping'
2024-11-05T21:37:41.798+07:00 DEBUG 25084 --- [21087481_DuongHoangLanAnh_Tuan08] [restartedMain] o.s.w.s.handler.SimpleUrlHandlerMapping  : Patterns [/webjars/**, /**, /swagger-ui*/*swagger-initializer.js, /swagger-ui*/**, /api/explorer/**] in 'resourceHandlerMapping'
2024-11-05T21:37:41.819+07:00 DEBUG 25084 --- [21087481_DuongHoangLanAnh_Tuan08] [restartedMain] s.w.s.m.m.a.RequestMappingHandlerAdapter : ControllerAdvice beans: 0 @ModelAttribute, 0 @InitBinder, 1 RequestBodyAdvice, 1 ResponseBodyAdvice
2024-11-05T21:37:41.832+07:00 DEBUG 25084 --- [21087481_DuongHoangLanAnh_Tuan08] [restartedMain] .m.m.a.ExceptionHandlerExceptionResolver : ControllerAdvice beans: 3 @ExceptionHandler, 1 ResponseBodyAdvice
2024-11-05T21:37:41.852+07:00 DEBUG 25084 --- [21087481_DuongHoangLanAnh_Tuan08] [restartedMain] .m.m.a.ExceptionHandlerExceptionResolver : ControllerAdvice beans: 3 @ExceptionHandler, 0 ResponseBodyAdvice
2024-11-05T21:37:41.877+07:00  WARN 25084 --- [21087481_DuongHoangLanAnh_Tuan08] [restartedMain] ion$DefaultTemplateResolverConfiguration : Cannot find template location: classpath:/templates/ (please add some templates, check your Thymeleaf configuration, or set spring.thymeleaf.check-template-location=false)
2024-11-05T21:37:42.101+07:00  INFO 25084 --- [21087481_DuongHoangLanAnh_Tuan08] [restartedMain] o.s.b.d.a.OptionalLiveReloadServer       : LiveReload server is running on port 35729
2024-11-05T21:37:42.136+07:00  INFO 25084 --- [21087481_DuongHoangLanAnh_Tuan08] [restartedMain] o.s.b.w.embedded.tomcat.TomcatWebServer  : Tomcat started on port 9998 (http) with context path '/'
2024-11-05T21:37:42.144+07:00  INFO 25084 --- [21087481_DuongHoangLanAnh_Tuan08] [restartedMain] iuh.fit.se.Application                   : Started Application in 1.774 seconds (process running for 47.769)
2024-11-05T21:37:42.151+07:00  INFO 25084 --- [21087481_DuongHoangLanAnh_Tuan08] [restartedMain] .ConditionEvaluationDeltaLoggingListener : Condition evaluation unchanged
2024-11-05T22:29:09.160+07:00  INFO 25084 --- [21087481_DuongHoangLanAnh_Tuan08] [http-nio-9998-exec-2] o.a.c.c.C.[Tomcat].[localhost].[/]       : Initializing Spring DispatcherServlet 'dispatcherServlet'
2024-11-05T22:29:09.163+07:00  INFO 25084 --- [21087481_DuongHoangLanAnh_Tuan08] [http-nio-9998-exec-2] o.s.web.servlet.DispatcherServlet        : Initializing Servlet 'dispatcherServlet'
2024-11-05T22:29:09.164+07:00 DEBUG 25084 --- [21087481_DuongHoangLanAnh_Tuan08] [http-nio-9998-exec-2] o.s.web.servlet.DispatcherServlet        : Detected StandardServletMultipartResolver
2024-11-05T22:29:09.165+07:00 DEBUG 25084 --- [21087481_DuongHoangLanAnh_Tuan08] [http-nio-9998-exec-2] o.s.web.servlet.DispatcherServlet        : Detected AcceptHeaderLocaleResolver
2024-11-05T22:29:09.165+07:00 DEBUG 25084 --- [21087481_DuongHoangLanAnh_Tuan08] [http-nio-9998-exec-2] o.s.web.servlet.DispatcherServlet        : Detected FixedThemeResolver
2024-11-05T22:29:09.176+07:00 DEBUG 25084 --- [21087481_DuongHoangLanAnh_Tuan08] [http-nio-9998-exec-2] o.s.web.servlet.DispatcherServlet        : Detected org.springframework.web.servlet.view.DefaultRequestToViewNameTranslator@4158ec0d
2024-11-05T22:29:09.181+07:00 DEBUG 25084 --- [21087481_DuongHoangLanAnh_Tuan08] [http-nio-9998-exec-2] o.s.web.servlet.DispatcherServlet        : Detected org.springframework.web.servlet.support.SessionFlashMapManager@36769cf
2024-11-05T22:29:09.182+07:00 DEBUG 25084 --- [21087481_DuongHoangLanAnh_Tuan08] [http-nio-9998-exec-2] o.s.web.servlet.DispatcherServlet        : enableLoggingRequestDetails='false': request parameters and headers will be masked to prevent unsafe logging of potentially sensitive data
2024-11-05T22:29:09.183+07:00  INFO 25084 --- [21087481_DuongHoangLanAnh_Tuan08] [http-nio-9998-exec-2] o.s.web.servlet.DispatcherServlet        : Completed initialization in 18 ms
2024-11-05T22:29:09.218+07:00 DEBUG 25084 --- [21087481_DuongHoangLanAnh_Tuan08] [http-nio-9998-exec-2] o.s.web.servlet.DispatcherServlet        : GET "/api/employees", parameters={}
2024-11-05T22:29:10.060+07:00 DEBUG 25084 --- [21087481_DuongHoangLanAnh_Tuan08] [http-nio-9998-exec-2] m.m.a.RequestResponseBodyMethodProcessor : Using 'application/hal+json', given [*/*] and supported [application/hal+json]
2024-11-05T22:29:10.200+07:00 DEBUG 25084 --- [21087481_DuongHoangLanAnh_Tuan08] [http-nio-9998-exec-2] m.m.a.RequestResponseBodyMethodProcessor : Writing [java.lang.StackOverflowError]
2024-11-05T22:29:10.405+07:00 DEBUG 25084 --- [21087481_DuongHoangLanAnh_Tuan08] [http-nio-9998-exec-2] o.s.web.servlet.DispatcherServlet        : Completed 200 OK
2024-11-05T22:35:22.116+07:00  INFO 25084 --- [21087481_DuongHoangLanAnh_Tuan08] [RMI TCP Connection(63)-127.0.0.1] inMXBeanRegistrar$SpringApplicationAdmin : Application shutdown requested.
2024-11-05T22:35:22.131+07:00  INFO 25084 --- [21087481_DuongHoangLanAnh_Tuan08] [RMI TCP Connection(63)-127.0.0.1] j.LocalContainerEntityManagerFactoryBean : Closing JPA EntityManagerFactory for persistence unit 'default'
2024-11-05T22:35:22.135+07:00  INFO 25084 --- [21087481_DuongHoangLanAnh_Tuan08] [RMI TCP Connection(63)-127.0.0.1] com.zaxxer.hikari.HikariDataSource       : HikariPool-2 - Shutdown initiated...
2024-11-05T22:35:22.138+07:00  INFO 25084 --- [21087481_DuongHoangLanAnh_Tuan08] [RMI TCP Connection(63)-127.0.0.1] com.zaxxer.hikari.HikariDataSource       : HikariPool-2 - Shutdown completed.
